// Jest Snapshot v1, https://goo.gl/fbAQLP

exports[`CalendarDays renders correctly 1`] = `
{
  "asFragment": [Function],
  "baseElement": <body>
    <div>
      <div
        class="calendar-days-view-container"
      >
        <div
          class="calendar-weekdays-container"
        >
          <div
            class="calendar-weekday"
          >
            Sun
          </div>
          <div
            class="calendar-weekday"
          >
            Mon
          </div>
          <div
            class="calendar-weekday"
          >
            Tue
          </div>
          <div
            class="calendar-weekday"
          >
            Wed
          </div>
          <div
            class="calendar-weekday"
          >
            Thu
          </div>
          <div
            class="calendar-weekday"
          >
            Fri
          </div>
          <div
            class="calendar-weekday"
          >
            Sat
          </div>
        </div>
        <div
          class="calendar-days-container"
        >
          <div
            class="calendar-day empty"
          />
          <div
            class="calendar-day empty"
          />
          <div
            class="calendar-day empty"
          />
          <div
            class="calendar-day-container"
          >
            <button
              aria-label="Change the day"
              class="calendar-day highlight calendar-today "
            >
              1
            </button>
          </div>
          <div
            class="calendar-day-container"
          >
            <button
              aria-label="Change the day"
              class="calendar-day   highlight-selected"
            >
              2
            </button>
          </div>
        </div>
      </div>
    </div>
  </body>,
  "container": <div>
    <div
      class="calendar-days-view-container"
    >
      <div
        class="calendar-weekdays-container"
      >
        <div
          class="calendar-weekday"
        >
          Sun
        </div>
        <div
          class="calendar-weekday"
        >
          Mon
        </div>
        <div
          class="calendar-weekday"
        >
          Tue
        </div>
        <div
          class="calendar-weekday"
        >
          Wed
        </div>
        <div
          class="calendar-weekday"
        >
          Thu
        </div>
        <div
          class="calendar-weekday"
        >
          Fri
        </div>
        <div
          class="calendar-weekday"
        >
          Sat
        </div>
      </div>
      <div
        class="calendar-days-container"
      >
        <div
          class="calendar-day empty"
        />
        <div
          class="calendar-day empty"
        />
        <div
          class="calendar-day empty"
        />
        <div
          class="calendar-day-container"
        >
          <button
            aria-label="Change the day"
            class="calendar-day highlight calendar-today "
          >
            1
          </button>
        </div>
        <div
          class="calendar-day-container"
        >
          <button
            aria-label="Change the day"
            class="calendar-day   highlight-selected"
          >
            2
          </button>
        </div>
      </div>
    </div>
  </div>,
  "debug": [Function],
  "findAllByAltText": [Function],
  "findAllByDisplayValue": [Function],
  "findAllByLabelText": [Function],
  "findAllByPlaceholderText": [Function],
  "findAllByRole": [Function],
  "findAllByTestId": [Function],
  "findAllByText": [Function],
  "findAllByTitle": [Function],
  "findByAltText": [Function],
  "findByDisplayValue": [Function],
  "findByLabelText": [Function],
  "findByPlaceholderText": [Function],
  "findByRole": [Function],
  "findByTestId": [Function],
  "findByText": [Function],
  "findByTitle": [Function],
  "getAllByAltText": [Function],
  "getAllByDisplayValue": [Function],
  "getAllByLabelText": [Function],
  "getAllByPlaceholderText": [Function],
  "getAllByRole": [Function],
  "getAllByTestId": [Function],
  "getAllByText": [Function],
  "getAllByTitle": [Function],
  "getByAltText": [Function],
  "getByDisplayValue": [Function],
  "getByLabelText": [Function],
  "getByPlaceholderText": [Function],
  "getByRole": [Function],
  "getByTestId": [Function],
  "getByText": [Function],
  "getByTitle": [Function],
  "queryAllByAltText": [Function],
  "queryAllByDisplayValue": [Function],
  "queryAllByLabelText": [Function],
  "queryAllByPlaceholderText": [Function],
  "queryAllByRole": [Function],
  "queryAllByTestId": [Function],
  "queryAllByText": [Function],
  "queryAllByTitle": [Function],
  "queryByAltText": [Function],
  "queryByDisplayValue": [Function],
  "queryByLabelText": [Function],
  "queryByPlaceholderText": [Function],
  "queryByRole": [Function],
  "queryByTestId": [Function],
  "queryByText": [Function],
  "queryByTitle": [Function],
  "rerender": [Function],
  "unmount": [Function],
}
`;
